// Jest Snapshot v1, https://goo.gl/fbAQLP

exports[`Header renders correctly 1`] = `
<header
  className="header"
>
  <img
    alt="match"
    src="./logo.svg"
  />
</header>
`;
